C:\Users\hwdem\AppData\Local\Programs\Python\Python311\Lib\site-packages\requests\__init__.py:109: RequestsDependencyWarning: urllib3 (2.6.0) or chardet (6.0.0.post1)/charset_normalizer (3.4.4) doesn't match a supported version!
  warnings.warn(
============================= test session starts =============================
platform win32 -- Python 3.11.9, pytest-8.0.0, pluggy-1.6.0 -- C:\Users\hwdem\AppData\Local\Programs\Python\Python311\python.exe
cachedir: .pytest_cache
rootdir: D:\软件开发\TiebaMecha
configfile: pyproject.toml
plugins: anyio-4.12.0, asyncio-0.23.5, cov-7.1.0, mock-3.15.1, requests-mock-1.12.1
asyncio: mode=Mode.AUTO
collecting ... collected 288 items

tests/test_account.py::TestEncryption::test_get_encryption_key_returns_bytes PASSED [  0%]
tests/test_account.py::TestEncryption::test_encrypt_decrypt_roundtrip PASSED [  0%]
tests/test_account.py::TestEncryption::test_encrypt_different_values_produce_different_outputs PASSED [  1%]
tests/test_account.py::TestEncryption::test_encrypt_same_value_produces_different_outputs PASSED [  1%]
tests/test_account.py::TestEncryption::test_decrypt_invalid_value_raises_error PASSED [  1%]
tests/test_account.py::TestParseCookie::test_parse_cookie_extracts_bduss PASSED [  2%]
tests/test_account.py::TestParseCookie::test_parse_cookie_extracts_stoken PASSED [  2%]
tests/test_account.py::TestParseCookie::test_parse_cookie_handles_missing_stoken PASSED [  2%]
tests/test_account.py::TestParseCookie::test_parse_cookie_handles_empty_string PASSED [  3%]
tests/test_account.py::TestParseCookie::test_parse_cookie_handles_malformed_cookie PASSED [  3%]
tests/test_account.py::TestParseCookie::test_parse_cookie_handles_semicolon_after_value PASSED [  3%]
tests/test_account.py::TestAccountInfo::test_account_info_creation PASSED [  4%]
tests/test_account.py::TestAccountInfo::test_account_info_default_values PASSED [  4%]
tests/test_account.py::TestAccountManagement::test_add_account PASSED    [  4%]
tests/test_account.py::TestAccountManagement::test_add_multiple_accounts PASSED [  5%]
tests/test_account.py::TestAccountManagement::test_get_account_credentials PASSED [  5%]
tests/test_account.py::TestAccountManagement::test_get_account_credentials_no_account PASSED [  5%]
tests/test_account.py::TestAccountManagement::test_list_accounts PASSED  [  6%]
tests/test_account.py::TestAccountManagement::test_switch_account PASSED [  6%]
tests/test_account.py::TestAccountManagement::test_remove_account PASSED [  6%]
tests/test_account.py::TestAccountManagement::test_remove_nonexistent_account PASSED [  7%]
tests/test_account.py::TestAccountManagement::test_remove_active_account_promotes_next PASSED [  7%]
tests/test_ai_optimizer.py::TestAIOptimizer::test_ai_optimizer_initialization PASSED [  7%]
tests/test_ai_optimizer.py::TestAIOptimizer::test_get_config_default_values PASSED [  8%]
tests/test_ai_optimizer.py::TestAIOptimizer::test_get_config_custom_values PASSED [  8%]
tests/test_ai_optimizer.py::TestAIOptimizer::test_optimize_post_no_api_key PASSED [  9%]
tests/test_ai_optimizer.py::TestAIOptimizer::test_optimize_post_api_success PASSED [  9%]
tests/test_ai_optimizer.py::TestAIOptimizer::test_optimize_post_api_error PASSED [  9%]
tests/test_ai_optimizer.py::TestAIOptimizer::test_optimize_post_malformed_json FAILED [ 10%]
tests/test_ai_optimizer.py::TestAIOptimizer::test_test_connection_success PASSED [ 10%]
tests/test_ai_optimizer.py::TestAIOptimizer::test_test_connection_no_api_key PASSED [ 10%]
tests/test_batch_post.py::TestRateLimiter::test_rate_limiter_initialization PASSED [ 11%]
tests/test_batch_post.py::TestRateLimiter::test_rate_limiter_custom_rpm PASSED [ 11%]
tests/test_batch_post.py::TestRateLimiter::test_rate_limiter_allows_under_limit PASSED [ 11%]
tests/test_batch_post.py::TestRateLimiter::test_rate_limiter_timestamp_cleanup PASSED [ 12%]
tests/test_batch_post.py::TestBatchPostTask::test_batch_post_task_creation PASSED [ 12%]
tests/test_batch_post.py::TestBatchPostTask::test_batch_post_task_default_values FAILED [ 12%]
tests/test_batch_post.py::TestBatchPostTask::test_get_fnames_with_fnames_list PASSED [ 13%]
tests/test_batch_post.py::TestBatchPostTask::test_get_fnames_fallback_to_fname PASSED [ 13%]
tests/test_batch_post.py::TestBatchPostTask::test_get_fnames_empty_when_no_forum PASSED [ 13%]
tests/test_batch_post.py::TestBatchPostTask::test_weight_override_default PASSED [ 14%]
tests/test_batch_post.py::TestBatchPostManager::test_batch_post_manager_initialization PASSED [ 14%]
tests/test_batch_post.py::TestBatchPostManager::test_weighted_choice_basic PASSED [ 14%]
tests/test_batch_post.py::TestBatchPostManager::test_weighted_choice_distribution PASSED [ 15%]
tests/test_batch_post.py::TestBatchPostManager::test_weighted_choice_single_account PASSED [ 15%]
tests/test_batch_post.py::TestBatchPostManager::test_pick_account_round_robin PASSED [ 15%]
tests/test_batch_post.py::TestBatchPostManager::test_pick_account_random PASSED [ 16%]
tests/test_batch_post.py::TestBatchPostManager::test_pick_account_weighted PASSED [ 16%]
tests/test_batch_post.py::TestBatchPostManager::test_pick_account_unknown_strategy_defaults_to_round_robin PASSED [ 17%]
tests/test_batch_post.py::TestBatchPostManager::test_build_weighted_accounts_with_override PASSED [ 17%]
tests/test_batch_post.py::TestBatchPostManager::test_build_weighted_accounts_clamps_weights PASSED [ 17%]
tests/test_batch_post.py::TestBatchPostManager::test_execute_task_no_forums PASSED [ 18%]
tests/test_batch_post.py::TestBatchPostManager::test_execute_task_no_accounts PASSED [ 18%]
tests/test_bump_config.py::TestBumpSettingsCrud::test_default_bump_settings PASSED [ 18%]
tests/test_bump_config.py::TestBumpSettingsCrud::test_set_and_get_max_bump_count PASSED [ 19%]
tests/test_bump_config.py::TestBumpSettingsCrud::test_set_and_get_bump_cooldown PASSED [ 19%]
tests/test_bump_config.py::TestBumpSettingsCrud::test_set_and_get_matrix_enabled PASSED [ 19%]
tests/test_bump_config.py::TestBumpSettingsCrud::test_bump_settings_persistence PASSED [ 20%]
tests/test_bump_config.py::TestBumpSettingsCrud::test_bump_settings_update_existing PASSED [ 20%]
tests/test_bump_config.py::TestAutoBumpManagerConfig::test_load_default_config PASSED [ 20%]
tests/test_bump_config.py::TestAutoBumpManagerConfig::test_load_custom_config PASSED [ 21%]
tests/test_bump_config.py::TestAutoBumpManagerConfig::test_config_values_in_process_all_candidates PASSED [ 21%]
tests/test_bump_config.py::TestBumpCooldownLogic::test_cooldown_45_minutes_default PASSED [ 21%]
tests/test_bump_config.py::TestBumpCooldownLogic::test_custom_cooldown_120_minutes PASSED [ 22%]
tests/test_bump_config.py::TestBumpCooldownLogic::test_minimum_cooldown_10_minutes PASSED [ 22%]
tests/test_bump_config.py::TestMatrixScheduling::test_matrix_mode_disabled_uses_original_account PASSED [ 22%]
tests/test_bump_config.py::TestMatrixScheduling::test_matrix_mode_enabled_rotates_accounts PASSED [ 23%]
tests/test_bump_config.py::TestBumpCountLimit::test_default_max_bump_count_20 PASSED [ 23%]
tests/test_bump_config.py::TestBumpCountLimit::test_custom_max_bump_count_50 PASSED [ 23%]
tests/test_bump_config.py::TestBumpCountLimit::test_max_bump_count_range_5_to_100 PASSED [ 24%]
tests/test_bump_config.py::TestUIBumpConfigPersistence::test_max_count_field_validation_5_to_100 PASSED [ 24%]
tests/test_bump_config.py::TestUIBumpConfigPersistence::test_cooldown_field_validation_10_to_1440 PASSED [ 25%]
tests/test_bump_config.py::TestUIBumpConfigPersistence::test_matrix_switch_conversion PASSED [ 25%]
tests/test_bump_config.py::TestBumpStatusDisplayLogic::test_limit_reached_at_max_count PASSED [ 25%]
tests/test_bump_config.py::TestBumpStatusDisplayLogic::test_different_max_bump_values PASSED [ 26%]
tests/test_bump_config.py::TestMatrixRotationAlgorithm::test_rotation_uses_modulo PASSED [ 26%]
tests/test_bump_config.py::TestMatrixRotationAlgorithm::test_rotation_excludes_original_poster PASSED [ 26%]
tests/test_bump_config.py::TestMatrixRotationAlgorithm::test_rotation_with_single_remaining_account PASSED [ 27%]
tests/test_bump_config.py::TestBumpContentEngine::test_no_share_good_prefix PASSED [ 27%]
tests/test_bump_config.py::TestBumpContentEngine::test_templates_are_natural PASSED [ 27%]
tests/test_bump_config.py::TestBumpContentEngine::test_title_truncation_8_chars PASSED [ 28%]
tests/test_bump_config.py::TestBumpContentEngine::test_title_mention_format_natural PASSED [ 28%]
tests/test_bump_config.py::TestBumpContentEngine::test_ai_status_rewritten_no_special_branch PASSED [ 28%]
tests/test_bump_config.py::TestBumpContentEngine::test_emoji_list_neutral PASSED [ 29%]
tests/test_database.py::TestDatabase::test_database_initialization PASSED [ 29%]
tests/test_database.py::TestDatabase::test_close PASSED                  [ 29%]
tests/test_database.py::TestAccountCRUD::test_add_account PASSED         [ 30%]
tests/test_database.py::TestAccountCRUD::test_add_account_first_is_active PASSED [ 30%]
tests/test_database.py::TestAccountCRUD::test_add_account_auto_generates_cuid_and_ua PASSED [ 30%]
tests/test_database.py::TestAccountCRUD::test_get_accounts PASSED        [ 31%]
tests/test_database.py::TestAccountCRUD::test_get_accounts_empty PASSED  [ 31%]
tests/test_database.py::TestAccountCRUD::test_get_active_account PASSED  [ 31%]
tests/test_database.py::TestAccountCRUD::test_get_active_account_none PASSED [ 32%]
tests/test_database.py::TestAccountCRUD::test_set_active_account PASSED  [ 32%]
tests/test_database.py::TestAccountCRUD::test_set_active_account_atomic PASSED [ 32%]
tests/test_database.py::TestAccountCRUD::test_delete_account PASSED      [ 33%]
tests/test_database.py::TestAccountCRUD::test_delete_nonexistent_account PASSED [ 33%]
tests/test_database.py::TestAccountCRUD::test_delete_active_account_promotes_next PASSED [ 34%]
tests/test_database.py::TestAccountCRUD::test_update_account_status PASSED [ 34%]
tests/test_database.py::TestAccountCRUD::test_update_account PASSED      [ 34%]
tests/test_database.py::TestAccountCRUD::test_update_nonexistent_account PASSED [ 35%]
tests/test_database.py::TestAccountCRUD::test_get_matrix_accounts PASSED [ 35%]
tests/test_database.py::TestAccountCRUD::test_get_accounts_by_proxy PASSED [ 35%]
tests/test_database.py::TestForumCRUD::test_add_forum PASSED             [ 36%]
tests/test_database.py::TestForumCRUD::test_add_forum_duplicate_ignored PASSED [ 36%]
tests/test_database.py::TestForumCRUD::test_get_forums PASSED            [ 36%]
tests/test_database.py::TestForumCRUD::test_get_forums_by_account PASSED [ 37%]
tests/test_database.py::TestForumCRUD::test_update_forum_sign PASSED     [ 37%]
tests/test_database.py::TestForumCRUD::test_update_forum_sign_increments_count PASSED [ 37%]
tests/test_database.py::TestForumCRUD::test_reset_daily_sign PASSED      [ 38%]
tests/test_database.py::TestForumCRUD::test_delete_forum PASSED          [ 38%]
tests/test_database.py::TestSignLogCRUD::test_add_sign_log PASSED        [ 38%]
tests/test_database.py::TestSignLogCRUD::test_get_sign_logs PASSED       [ 39%]
tests/test_database.py::TestSignLogCRUD::test_get_sign_logs_limit PASSED [ 39%]
tests/test_database.py::TestProxyCRUD::test_add_proxy PASSED             [ 39%]
tests/test_database.py::TestProxyCRUD::test_add_proxy_no_auth PASSED     [ 40%]
tests/test_database.py::TestProxyCRUD::test_get_proxy PASSED             [ 40%]
tests/test_database.py::TestProxyCRUD::test_get_active_proxies PASSED    [ 40%]
tests/test_database.py::TestProxyCRUD::test_mark_proxy_fail PASSED       [ 41%]
tests/test_database.py::TestProxyCRUD::test_mark_proxy_fail_deactivates_after_threshold PASSED [ 41%]
tests/test_database.py::TestProxyCRUD::test_delete_proxy PASSED          [ 42%]
tests/test_database.py::TestSettingsCRUD::test_set_and_get_setting PASSED [ 42%]
tests/test_database.py::TestSettingsCRUD::test_get_setting_default PASSED [ 42%]
tests/test_database.py::TestSettingsCRUD::test_update_setting PASSED     [ 43%]
tests/test_database.py::TestAutoRuleCRUD::test_add_auto_rule PASSED      [ 43%]
tests/test_database.py::TestAutoRuleCRUD::test_get_auto_rules PASSED     [ 43%]
tests/test_database.py::TestAutoRuleCRUD::test_get_auto_rules_by_forum PASSED [ 44%]
tests/test_database.py::TestAutoRuleCRUD::test_toggle_rule PASSED        [ 44%]
tests/test_database.py::TestAutoRuleCRUD::test_delete_auto_rule PASSED   [ 44%]
tests/test_database.py::TestAccountProxySuspension::test_suspend_accounts_for_proxy PASSED [ 45%]
tests/test_database.py::TestAccountProxySuspension::test_restore_accounts_for_proxy PASSED [ 45%]
tests/test_encoding_safety.py::test_batch_post_encoding_safety PASSED    [ 45%]
tests/test_encoding_safety.py::test_manual_post_encoding_safety PASSED   [ 46%]
tests/test_integration.py::TestAccountWorkflow::test_full_account_lifecycle PASSED [ 46%]
tests/test_integration.py::TestAccountWorkflow::test_account_proxy_binding FAILED [ 46%]
tests/test_integration.py::TestSignWorkflow::test_sign_workflow_with_database PASSED [ 47%]
tests/test_integration.py::TestProxyFailoverWorkflow::test_proxy_failover_workflow PASSED [ 47%]
tests/test_integration.py::TestProxyFailoverWorkflow::test_proxy_recovery_workflow PASSED [ 47%]
tests/test_integration.py::TestBatchPostWorkflow::test_batch_post_task_creation_and_retrieval PASSED [ 48%]
tests/test_integration.py::TestBatchPostWorkflow::test_batch_post_task_progress PASSED [ 48%]
tests/test_integration.py::TestConcurrency::test_concurrent_account_switching PASSED [ 48%]
tests/test_integration.py::TestConcurrency::test_concurrent_forum_operations PASSED [ 49%]
tests/test_maintenance.py::TestMaintManager::test_maint_manager_initialization PASSED [ 49%]
tests/test_maintenance.py::TestMaintManager::test_run_maint_cycle_no_credentials PASSED [ 50%]
tests/test_maintenance.py::TestMaintManager::test_run_maint_cycle_success PASSED [ 50%]
tests/test_maintenance.py::TestMaintManager::test_run_maint_cycle_empty_forum_list PASSED [ 50%]
tests/test_maintenance.py::TestMaintManager::test_run_maint_cycle_exception_handling FAILED [ 51%]
tests/test_maintenance.py::TestMaintManager::test_human_sleep PASSED     [ 51%]
tests/test_maintenance.py::TestDoWarming::test_do_warming_calls_manager PASSED [ 51%]
tests/test_maintenance_full.py::TestBioWarming::test_run_maint_cycle_success PASSED [ 52%]
tests/test_matrix_hub.py::test_get_forum_matrix_stats PASSED             [ 52%]
tests/test_matrix_hub.py::test_bulk_update_target_group PASSED           [ 52%]
tests/test_matrix_hub.py::test_target_pool_sync_with_no_account PASSED   [ 53%]
tests/test_notification.py::TestNotificationType::test_notification_type_values PASSED [ 53%]
tests/test_notification.py::TestNotificationData::test_notification_data_defaults PASSED [ 53%]
tests/test_notification.py::TestNotificationData::test_notification_data_custom_values PASSED [ 54%]
tests/test_notification.py::TestNotificationManager::test_notification_manager_singleton PASSED [ 54%]
tests/test_notification.py::TestNotificationManager::test_notification_manager_set_db PASSED [ 54%]
tests/test_notification.py::TestNotificationManager::test_notification_manager_set_page PASSED [ 55%]
tests/test_notification.py::TestNotificationManager::test_notification_manager_add_listener PASSED [ 55%]
tests/test_notification.py::TestNotificationManager::test_notification_manager_remove_listener PASSED [ 55%]
tests/test_notification.py::TestNotificationManager::test_push_without_db PASSED [ 56%]
tests/test_notification.py::TestNotificationManager::test_push_with_db PASSED [ 56%]
tests/test_notification.py::TestNotificationManager::test_push_triggers_listeners PASSED [ 56%]
tests/test_notification.py::TestNotificationManager::test_get_unread_without_db PASSED [ 57%]
tests/test_notification.py::TestNotificationManager::test_get_unread_with_db PASSED [ 57%]
tests/test_notification.py::TestNotificationManager::test_mark_read PASSED [ 57%]
tests/test_notification.py::TestNotificationManager::test_mark_all_read PASSED [ 58%]
tests/test_notification.py::TestNotificationManager::test_get_unread_count PASSED [ 58%]
tests/test_notification.py::TestNotificationManagerGlobal::test_init_notification_manager PASSED [ 59%]
tests/test_notification.py::TestNotificationManagerGlobal::test_get_notification_manager PASSED [ 59%]
tests/test_obfuscator.py::TestObfuscator::test_zero_width_chars_defined PASSED [ 59%]
tests/test_obfuscator.py::TestObfuscator::test_inject_zero_width_chars_empty_string PASSED [ 60%]
tests/test_obfuscator.py::TestObfuscator::test_inject_zero_width_chars_none PASSED [ 60%]
tests/test_obfuscator.py::TestObfuscator::test_inject_zero_width_chars_preserves_chinese PASSED [ 60%]
tests/test_obfuscator.py::TestObfuscator::test_inject_zero_width_chars_adds_characters PASSED [ 61%]
tests/test_obfuscator.py::TestObfuscator::test_inject_zero_width_chars_preserves_urls PASSED [ 61%]
tests/test_obfuscator.py::TestObfuscator::test_inject_zero_width_chars_preserves_multiple_urls PASSED [ 61%]
tests/test_obfuscator.py::TestObfuscator::test_inject_zero_width_chars_preserves_english PASSED [ 62%]
tests/test_obfuscator.py::TestObfuscator::test_inject_zero_width_chars_mixed_content PASSED [ 62%]
tests/test_obfuscator.py::TestObfuscator::test_inject_zero_width_chars_density_zero PASSED [ 62%]
tests/test_obfuscator.py::TestObfuscator::test_inject_zero_width_chars_density_one PASSED [ 63%]
tests/test_obfuscator.py::TestObfuscator::test_humanize_spacing_empty_string PASSED [ 63%]
tests/test_obfuscator.py::TestObfuscator::test_humanize_spacing_none PASSED [ 63%]
tests/test_obfuscator.py::TestObfuscator::test_humanize_spacing_preserves_content PASSED [ 64%]
tests/test_obfuscator.py::TestObfuscator::test_humanize_spacing_single_line PASSED [ 64%]
tests/test_obfuscator.py::TestObfuscator::test_humanize_spacing_multiple_paragraphs PASSED [ 64%]
tests/test_obfuscator.py::TestObfuscatorIntegration::test_combined_obfuscation PASSED [ 65%]
tests/test_obfuscator.py::TestObfuscatorIntegration::test_realistic_post_content FAILED [ 65%]
tests/test_package.py::TestPackageStructure::test_import_package PASSED  [ 65%]
tests/test_package.py::TestPackageStructure::test_import_core_modules PASSED [ 66%]
tests/test_package.py::TestPackageStructure::test_import_db_modules PASSED [ 66%]
tests/test_proxy.py::TestProxyManagement::test_get_best_proxy_config_no_proxy PASSED [ 67%]
tests/test_proxy.py::TestProxyManagement::test_get_best_proxy_config_with_proxy_id PASSED [ 67%]
tests/test_proxy.py::TestProxyManagement::test_get_best_proxy_config_invalid_proxy_id PASSED [ 67%]
tests/test_proxy.py::TestProxyManagement::test_get_best_proxy_config_fallback PASSED [ 68%]
tests/test_proxy.py::TestProxyManagement::test_get_best_proxy_config_inactive_proxy_fallback FAILED [ 68%]
tests/test_proxy.py::TestBuildProxyConfig::test_build_proxy_config_no_auth PASSED [ 68%]
tests/test_proxy.py::TestBuildProxyConfig::test_build_proxy_config_with_auth PASSED [ 69%]
tests/test_proxy.py::TestBuildProxyConfig::test_build_proxy_config_socks PASSED [ 69%]
tests/test_proxy.py::TestMarkProxyFailure::test_mark_proxy_failure PASSED [ 69%]
tests/test_proxy.py::TestMarkProxyFailure::test_mark_proxy_failure_invalid_url PASSED [ 70%]
tests/test_proxy.py::TestProxyConfig::test_proxy_config_creation PASSED  [ 70%]
tests/test_proxy.py::TestProxyConfig::test_proxy_config_with_auth PASSED [ 70%]
tests/test_purge_logic.py::TestPurgeLogic::test_db_purge_methods PASSED  [ 71%]
tests/test_purge_logic.py::TestPurgeLogic::test_unfollow_forums_bulk_logic PASSED [ 71%]
tests/test_purge_logic.py::TestPurgeLogic::test_unfollow_no_accounts_logic PASSED [ 71%]
tests/test_sign.py::TestSignResult::test_sign_result_creation PASSED     [ 72%]
tests/test_sign.py::TestSignResult::test_sign_result_defaults PASSED     [ 72%]
tests/test_sign.py::TestSignResult::test_sign_result_failure PASSED      [ 72%]
tests/test_sign.py::TestForumInfo::test_forum_info_creation PASSED       [ 73%]
tests/test_sign.py::TestForumInfo::test_forum_info_defaults PASSED       [ 73%]
tests/test_sign.py::TestSignForum::test_sign_forum_no_credentials PASSED [ 73%]
tests/test_sign.py::TestSignForum::test_sign_forum_success PASSED        [ 74%]
tests/test_sign.py::TestSignForum::test_sign_forum_failure PASSED        [ 74%]
tests/test_sign.py::TestGetSignStats::test_get_sign_stats_no_account PASSED [ 75%]
tests/test_sign.py::TestGetSignStats::test_get_sign_stats_no_forums PASSED [ 75%]
tests/test_sign.py::TestGetSignStats::test_get_sign_stats_with_forums PASSED [ 75%]
tests/test_sign.py::TestSyncForumsToDB::test_sync_forums_no_account PASSED [ 76%]
tests/test_sign.py::TestSyncForumsToDB::test_sync_forums_adds_new PASSED [ 76%]
tests/test_sign.py::TestSignAllForums::test_sign_all_forums_no_account PASSED [ 76%]
tests/test_sign.py::TestSignAllForums::test_sign_all_forums_no_forums PASSED [ 77%]
tests/test_sign.py::TestSignAllForums::test_sign_all_forums_success PASSED [ 77%]
tests/test_sign.py::TestSignAllAccounts::test_sign_all_accounts_no_accounts PASSED [ 77%]
tests/test_sign.py::TestSignAllAccounts::test_sign_all_accounts_skips_suspended PASSED [ 78%]
tests/test_sign.py::TestSignAllAccounts::test_sign_all_accounts_proxy_status PASSED [ 78%]
tests/test_survival.py::TestSurvivalStats::test_get_survival_stats_empty PASSED [ 78%]
tests/test_survival.py::TestSurvivalStats::test_get_survival_stats_with_materials PASSED [ 79%]
tests/test_survival.py::TestSurvivalStats::test_get_survival_stats_excludes_invalid_tid PASSED [ 79%]
tests/test_survival.py::TestSurvivalByAccount::test_get_survival_by_account_empty PASSED [ 79%]
tests/test_survival.py::TestSurvivalByAccount::test_get_survival_by_account_single PASSED [ 80%]
tests/test_survival.py::TestSurvivalByAccount::test_get_survival_by_account_multiple PASSED [ 80%]
tests/test_survival.py::TestSurvivalByAccount::test_get_survival_by_account_handles_null_account PASSED [ 80%]
tests/test_survival.py::TestUpdateMaterialSurvivalStatus::test_update_survival_status_to_alive PASSED [ 81%]
tests/test_survival.py::TestUpdateMaterialSurvivalStatus::test_update_survival_status_with_death_reason PASSED [ 81%]
tests/test_survival.py::TestUpdateMaterialSurvivalStatus::test_update_nonexistent_material PASSED [ 81%]
tests/test_survival.py::TestMaterialPoolModel::test_material_pool_has_survival_fields PASSED [ 82%]
tests/test_survival.py::TestMaterialPoolModel::test_material_pool_default_survival_status PASSED [ 82%]
tests/test_survival.py::TestCheckPostSurvival::test_check_post_survival_alive PASSED [ 82%]
tests/test_survival.py::TestCheckPostSurvival::test_check_post_survival_dead_not_found PASSED [ 83%]
tests/test_survival.py::TestCheckPostSurvival::test_check_post_survival_dead_exception PASSED [ 83%]
tests/test_survival.py::TestCheckPostSurvival::test_check_post_survival_deleted_error PASSED [ 84%]
tests/test_survival.py::TestCheckPostSurvival::test_check_post_survival_banned_error PASSED [ 84%]
tests/test_survival.py::TestCheckPostSurvival::test_check_post_survival_captcha_error PASSED [ 84%]
tests/test_survival.py::TestCheckPostSurvival::test_check_post_survival_with_thread_info PASSED [ 85%]
tests/test_survival.py::TestCheckPostSurvival::test_check_post_survival_captcha_in_response PASSED [ 85%]
tests/test_survival.py::TestSurvivalRateCalculation::test_survival_rate_full PASSED [ 85%]
tests/test_survival.py::TestSurvivalRateCalculation::test_survival_rate_zero PASSED [ 86%]
tests/test_survival.py::TestSurvivalRateCalculation::test_survival_rate_partial PASSED [ 86%]
tests/test_survival.py::TestCaptchaEvents::test_save_captcha_event PASSED [ 86%]
tests/test_survival.py::TestCaptchaEvents::test_get_captcha_events_empty PASSED [ 87%]
tests/test_survival.py::TestCaptchaEvents::test_get_captcha_events_with_data PASSED [ 87%]
tests/test_survival.py::TestCaptchaEvents::test_get_captcha_events_by_account PASSED [ 87%]
tests/test_survival.py::TestCaptchaEvents::test_get_captcha_events_by_status PASSED [ 88%]
tests/test_survival.py::TestCaptchaEvents::test_resolve_captcha_event PASSED [ 88%]
tests/test_survival.py::TestCaptchaEvents::test_get_pending_captcha_count PASSED [ 88%]
tests/test_survival.py::TestCaptchaEvents::test_clear_resolved_captcha_events PASSED [ 89%]
tests/test_survival.py::TestMaterialsPaginated::test_paginated_empty PASSED [ 89%]
tests/test_survival.py::TestMaterialsPaginated::test_paginated_page_size PASSED [ 89%]
tests/test_survival.py::TestMaterialsPaginated::test_paginated_page_2 PASSED [ 90%]
tests/test_survival.py::TestMaterialsPaginated::test_paginated_page_3_partial PASSED [ 90%]
tests/test_survival.py::TestMaterialsPaginated::test_paginated_filter_by_survival_status PASSED [ 90%]
tests/test_survival.py::TestMaterialsPaginated::test_paginated_filter_by_account PASSED [ 91%]
tests/test_survival.py::TestMaterialsPaginated::test_paginated_combined_filters PASSED [ 91%]
tests/test_tactical_advice.py::test_get_tactical_advice_known_errors PASSED [ 92%]
tests/test_tactical_advice.py::test_get_tactical_advice_unknown_errors PASSED [ 92%]
tests/test_updater.py::TestReleaseInfo::test_release_info_creation PASSED [ 92%]
tests/test_updater.py::TestUpdateManager::test_update_manager_initialization PASSED [ 93%]
tests/test_updater.py::TestUpdateManager::test_update_manager_with_db PASSED [ 93%]
tests/test_updater.py::TestUpdateManager::test_current_version_property PASSED [ 93%]
tests/test_updater.py::TestUpdateManager::test_compare_versions_equal PASSED [ 94%]
tests/test_updater.py::TestUpdateManager::test_compare_versions_greater PASSED [ 94%]
tests/test_updater.py::TestUpdateManager::test_compare_versions_lesser PASSED [ 94%]
tests/test_updater.py::TestUpdateManager::test_compare_versions_with_prefix PASSED [ 95%]
tests/test_updater.py::TestUpdateManager::test_compare_versions_different_lengths PASSED [ 95%]
tests/test_updater.py::TestUpdateManager::test_check_update_no_new_version PASSED [ 95%]
tests/test_updater.py::TestUpdateManager::test_check_update_new_version_available FAILED [ 96%]
tests/test_updater.py::TestUpdateManager::test_check_update_network_error PASSED [ 96%]
tests/test_updater.py::TestUpdateManager::test_get_portable_download_url_found PASSED [ 96%]
tests/test_updater.py::TestUpdateManager::test_get_portable_download_url_not_found PASSED [ 97%]
tests/test_updater.py::TestUpdateManager::test_get_changelog PASSED      [ 97%]
tests/test_updater.py::TestUpdateManager::test_get_changelog_truncates_long_content PASSED [ 97%]
tests/test_updater.py::TestUpdateManager::test_should_check_update_no_previous_check PASSED [ 98%]
tests/test_updater.py::TestUpdateManager::test_should_check_update_recent_check PASSED [ 98%]
tests/test_updater.py::TestUpdateManager::test_should_check_update_old_check PASSED [ 98%]
tests/test_updater.py::TestUpdateManagerGlobal::test_get_update_manager_creates_instance PASSED [ 99%]
tests/test_updater.py::TestUpdateManagerGlobal::test_get_update_manager_returns_same_instance PASSED [ 99%]
tests/test_updater.py::TestUpdateManagerGlobal::test_get_update_manager_with_db PASSED [100%]

================================== FAILURES ===================================
______________ TestAIOptimizer.test_optimize_post_malformed_json ______________
tests\test_ai_optimizer.py:196: in test_optimize_post_malformed_json
    assert success is True
E   assert False is True
____________ TestBatchPostTask.test_batch_post_task_default_values ____________
tests\test_batch_post.py:87: in test_batch_post_task_default_values
    assert task.delay_min == 60.0
E   AssertionError: assert 120.0 == 60.0
E    +  where 120.0 = BatchPostTask(id='test', fname='forum', fnames=[], titles=[], contents=[], accounts=[], strategy='round_robin', pairing_mode='random', weight_override={}, delay_min=120.0, delay_max=600.0, use_ai=False, status='pending', progress=0, total=0, start_time=None).delay_min
_______________ TestAccountWorkflow.test_account_proxy_binding ________________
tests\test_integration.py:81: in test_account_proxy_binding
    assert proxy_id == proxy.id
E   AssertionError: assert 'stoken' == 1
E    +  where 1 = <tieba_mecha.db.models.Proxy object at 0x000002144088F5D0>.id
---------------------------- Captured stdout call -----------------------------
验证账号失败: ValueError: STOKEN的长度应为64个字符 而输入的stoken有6个字符
__________ TestMaintManager.test_run_maint_cycle_exception_handling ___________
tests\test_maintenance.py:87: in test_run_maint_cycle_exception_handling
    result = await manager.run_maint_cycle(account_id=1)
src\tieba_mecha\core\maintenance.py:33: in run_maint_cycle
    creds = await get_account_credentials(self.db, account_id)
C:\Users\hwdem\AppData\Local\Programs\Python\Python311\Lib\unittest\mock.py:2240: in _execute_mock_call
    raise effect
E   Exception: Test error
____________ TestObfuscatorIntegration.test_realistic_post_content ____________
tests\test_obfuscator.py:175: in test_realistic_post_content
    assert "提取码" in result
E   AssertionError: assert '提取码' in '\n        分享一个资源\n\n        链接: https://pan.baidu.com/s/xxxxx\n        提\u200b取码: abcd\n\n        欢迎\u200b大家下载\u200c使用！\n        '
___ TestProxyManagement.test_get_best_proxy_config_inactive_proxy_fallback ____
tests\test_proxy.py:67: in test_get_best_proxy_config_inactive_proxy_fallback
    assert result is not None
E   assert None is not None
__________ TestUpdateManager.test_check_update_new_version_available __________
tests\test_updater.py:150: in test_check_update_new_version_available
    assert result is not None
E   assert None is not None
---------------------------- Captured stdout call -----------------------------
[UpdateManager] Check update failed: 'coroutine' object does not support the asynchronous context manager protocol
============================== warnings summary ===============================
tests/test_updater.py::TestUpdateManager::test_check_update_no_new_version
tests/test_updater.py::TestUpdateManager::test_check_update_new_version_available
  D:\软件开发\TiebaMecha\src\tieba_mecha\core\updater.py:71: RuntimeWarning: coroutine 'AsyncMockMixin._execute_mock_call' was never awaited
    async with session.get(
  Enable tracemalloc to get traceback where the object was allocated.
  See https://docs.pytest.org/en/stable/how-to/capture-warnings.html#resource-warnings for more info.

-- Docs: https://docs.pytest.org/en/stable/how-to/capture-warnings.html
=========================== short test summary info ===========================
FAILED tests/test_ai_optimizer.py::TestAIOptimizer::test_optimize_post_malformed_json
FAILED tests/test_batch_post.py::TestBatchPostTask::test_batch_post_task_default_values
FAILED tests/test_integration.py::TestAccountWorkflow::test_account_proxy_binding
FAILED tests/test_maintenance.py::TestMaintManager::test_run_maint_cycle_exception_handling
FAILED tests/test_obfuscator.py::TestObfuscatorIntegration::test_realistic_post_content
FAILED tests/test_proxy.py::TestProxyManagement::test_get_best_proxy_config_inactive_proxy_fallback
FAILED tests/test_updater.py::TestUpdateManager::test_check_update_new_version_available
============ 7 failed, 281 passed, 2 warnings in 96.08s (0:01:36) =============
